// Jest Snapshot v1, https://goo.gl/fbAQLP

exports[`Cart.vue/Cart mounts the component and creates a snapshot inside the __snapshots__ folder 1`] = `
"<div class=\\"cart-component\\">
  <div class=\\"cart-component-title-container\\">
    <h1>Resumen de tu cesta</h1>
  </div>
  <div class=\\"cart-component-title-anchor\\"><a href=\\"/\\"> Seguir comprando </a></div>
  <div class=\\"cart-component-info-container\\">
    <div class=\\"cart-component-box-info\\"></div>
    <div class=\\"cart-component-name\\"></div>
    <div class=\\"cart-component-cost\\">PRECIO UNIDAD</div>
    <div class=\\"cart-component-quantity\\">CANTIDAD</div>
    <div class=\\"cart-component-subtotal\\"><b>SUBTOTAL</b></div>
    <div class=\\"cart-component-delete\\"></div>
  </div>
</div>"
`;
